........................................................................ [  2%]
........................................................................ [  4%]
........................................................................ [  6%]
........................................................................ [  8%]
........................................................................ [ 11%]
........................................................................ [ 13%]
........................................................................ [ 15%]
........................................................................ [ 17%]
........................................................................ [ 20%]
........................................................................ [ 22%]
........................................................................ [ 24%]
........................................................................ [ 26%]
........................................................................ [ 29%]
........................................................................ [ 31%]
........................................................................ [ 33%]
........................................................................ [ 35%]
........................................................................ [ 38%]
........................................................................ [ 40%]
........................................................................ [ 42%]
.................xxx.....................x.............................. [ 44%]
........................................................................ [ 47%]
........................................................................ [ 49%]
........................................................................ [ 51%]
........................................................................ [ 53%]
........................................................................ [ 56%]
........................................................................ [ 58%]
........................................................................ [ 60%]
........................................................................ [ 62%]
........................................................................ [ 65%]
.....F........FF........................................................ [ 67%]
........................................................................ [ 69%]
........................................................................ [ 71%]
........................................................................ [ 74%]
........................................................................ [ 76%]
........................................................................ [ 78%]
........................................................................ [ 80%]
........................................................................ [ 82%]
........................................................................ [ 85%]
........................................................................ [ 87%]
........................................................................ [ 89%]
........................................................................ [ 91%]
........................................................................ [ 94%]
........................................................................ [ 96%]
...........................................FFFFFFFFFFFFFFFFFFFFF..F..... [ 98%]
..........................................                               [100%]
=================================== FAILURES ===================================
______ test_original_result_replays_after_later_source_bound_supersession ______
tests/test_brain_turn_execution_consumer.py:332: in test_original_result_replays_after_later_source_bound_supersession
    assert replay["material_coverage"]["execution"] == initial["material_coverage"]["execution"]
E   AssertionError: assert {'contract': ...8f3914c', ...} == {'contract': ...8f3914c', ...}
E
E     Omitting 24 identical items, use -vv to show
E     Differing items:
E     {'coverage_application': {'contract': 'owned_coverage_application_v1', 'owner': {'matter_id': 'mat_b52535ebbca0a7d8e95... whole-source coverage.', 'selection_contract': 'owned_account_dispositions_v2', 'missing_source_ids': [], ...}}, ...}} != {'coverage_application': {'contract': 'owned_coverage_application_v1', 'owner': {'matter_id': 'mat_b52535ebbca0a7d8e95... whole-source coverage.', 'selection_contract': 'owned_account_dispositions_v2', 'missing_source_ids': [], ...}}, ...}}
E     Use -v to get more diff
_ test_review_guard_refuses_owned_dispute_when_verifier_returns_without_its_status_sink _
tests/test_brain_turn_execution_consumer.py:492: in test_review_guard_refuses_owned_dispute_when_verifier_returns_without_its_status_sink
    assert refused.value.code == "material_execution_unconfirmed"
E   AssertionError: assert 'brain_refused' == 'material_exe...n_unconfirmed'
E
E     - material_execution_unconfirmed
E     + brain_refused
_ test_review_guard_keeps_real_checked_peer_and_footer_when_another_detail_is_unread _
tests/test_brain_turn_execution_consumer.py:526: in test_review_guard_keeps_real_checked_peer_and_footer_when_another_detail_is_unread
    assert saved["material_coverage"]["execution"] == receipt
E   AssertionError: assert {'contract': ...b757cee', ...} == {'contract': ...b757cee', ...}
E
E     Omitting 24 identical items, use -vv to show
E     Differing items:
E     {'coverage_application': {'contract': 'owned_coverage_application_v1', 'owner': {'matter_id': 'mat_426fcb9f40507a650af...ty_v1'}, 'state': 'complete', 'reason': 'The fixture owner independently declares whole-source coverage.', ...}}, ...}} != {'coverage_application': {'contract': 'owned_coverage_application_v1', 'owner': {'matter_id': 'mat_426fcb9f40507a650af...ty_v1'}, 'state': 'complete', 'reason': 'The fixture owner independently declares whole-source coverage.', ...}}, ...}}
E     Use -v to get more diff
____ test_saved_current_plan_matches_authored_registry_and_snapshot_sources ____
tests/test_current_plan_view.py:42: in test_saved_current_plan_matches_authored_registry_and_snapshot_sources
    assert plan_view.check_view(saved_tables) == []
E   AssertionError: assert ['Work Items/... source', ...] == []
E
E     Left contains 40 more items, first extra item: 'Work Items/J-7: Next action differs from source'
E     Use -v to get more diff
__________ test_saved_media_policy_is_part_of_the_checked_reader_view __________
tests/test_current_plan_view.py:46: in test_saved_media_policy_is_part_of_the_checked_reader_view
    assert plan_view.check_view(saved_tables) == []
E   AssertionError: assert ['Work Items/... source', ...] == []
E
E     Left contains 40 more items, first extra item: 'Work Items/J-7: Next action differs from source'
E     Use -v to get more diff
______ test_saved_autonomy_contract_is_checked_without_promoting_runtime _______
tests/test_current_plan_view.py:58: in test_saved_autonomy_contract_is_checked_without_promoting_runtime
    assert plan_view.check_view(saved_tables) == []
E   AssertionError: assert ['Work Items/... source', ...] == []
E
E     Left contains 40 more items, first extra item: 'Work Items/J-7: Next action differs from source'
E     Use -v to get more diff
_ test_saved_plan_checker_rejects_real_cell_mutations[drop_original_item-Work Items: exact ID population/order differs; missing=['BK-21']] _
tests/test_current_plan_view.py:92: in test_saved_plan_checker_rejects_real_cell_mutations
    assert plan_view.check_view(saved_tables) == []
E   AssertionError: assert ['Work Items/... source', ...] == []
E
E     Left contains 40 more items, first extra item: 'Work Items/J-7: Next action differs from source'
E     Use -v to get more diff
_ test_saved_plan_checker_rejects_real_cell_mutations[duplicate_item-Work Items: exact ID population/order differs] _
tests/test_current_plan_view.py:92: in test_saved_plan_checker_rejects_real_cell_mutations
    assert plan_view.check_view(saved_tables) == []
E   AssertionError: assert ['Work Items/... source', ...] == []
E
E     Left contains 40 more items, first extra item: 'Work Items/J-7: Next action differs from source'
E     Use -v to get more diff
_ test_saved_plan_checker_rejects_real_cell_mutations[change_status-Work Items/BK-31: Delivery status differs from source] _
tests/test_current_plan_view.py:92: in test_saved_plan_checker_rejects_real_cell_mutations
    assert plan_view.check_view(saved_tables) == []
E   AssertionError: assert ['Work Items/... source', ...] == []
E
E     Left contains 40 more items, first extra item: 'Work Items/J-7: Next action differs from source'
E     Use -v to get more diff
_ test_saved_plan_checker_rejects_real_cell_mutations[change_wave-Work Items/BK-21: Wave differs from source] _
tests/test_current_plan_view.py:92: in test_saved_plan_checker_rejects_real_cell_mutations
    assert plan_view.check_view(saved_tables) == []
E   AssertionError: assert ['Work Items/... source', ...] == []
E
E     Left contains 40 more items, first extra item: 'Work Items/J-7: Next action differs from source'
E     Use -v to get more diff
_ test_saved_plan_checker_rejects_real_cell_mutations[change_feature-Features/A1: Implementation differs from source] _
tests/test_current_plan_view.py:92: in test_saved_plan_checker_rejects_real_cell_mutations
    assert plan_view.check_view(saved_tables) == []
E   AssertionError: assert ['Work Items/... source', ...] == []
E
E     Left contains 40 more items, first extra item: 'Work Items/J-7: Next action differs from source'
E     Use -v to get more diff
_ test_saved_plan_checker_rejects_real_cell_mutations[change_step_basis-Journey Steps/STEP-A-01: Basis differs from source] _
tests/test_current_plan_view.py:92: in test_saved_plan_checker_rejects_real_cell_mutations
    assert plan_view.check_view(saved_tables) == []
E   AssertionError: assert ['Work Items/... source', ...] == []
E
E     Left contains 40 more items, first extra item: 'Work Items/J-7: Next action differs from source'
E     Use -v to get more diff
_ test_saved_plan_checker_rejects_real_cell_mutations[change_hash-Sources: stale or incorrect hash docs/backlog/status.yaml] _
tests/test_current_plan_view.py:92: in test_saved_plan_checker_rejects_real_cell_mutations
    assert plan_view.check_view(saved_tables) == []
E   AssertionError: assert ['Work Items/... source', ...] == []
E
E     Left contains 40 more items, first extra item: 'Work Items/J-7: Next action differs from source'
E     Use -v to get more diff
_ test_saved_plan_checker_rejects_real_cell_mutations[drop_source-Sources: exact authored snapshot-source population differs] _
tests/test_current_plan_view.py:92: in test_saved_plan_checker_rejects_real_cell_mutations
    assert plan_view.check_view(saved_tables) == []
E   AssertionError: assert ['Work Items/... source', ...] == []
E
E     Left contains 40 more items, first extra item: 'Work Items/J-7: Next action differs from source'
E     Use -v to get more diff
_ test_saved_plan_checker_rejects_real_cell_mutations[drop_acceptance-Acceptance: exact ID population/order differs] _
tests/test_current_plan_view.py:92: in test_saved_plan_checker_rejects_real_cell_mutations
    assert plan_view.check_view(saved_tables) == []
E   AssertionError: assert ['Work Items/... source', ...] == []
E
E     Left contains 40 more items, first extra item: 'Work Items/J-7: Next action differs from source'
E     Use -v to get more diff
_ test_saved_plan_checker_rejects_real_cell_mutations[change_instruction-Packet Guide: instruction population or content differs] _
tests/test_current_plan_view.py:92: in test_saved_plan_checker_rejects_real_cell_mutations
    assert plan_view.check_view(saved_tables) == []
E   AssertionError: assert ['Work Items/... source', ...] == []
E
E     Left contains 40 more items, first extra item: 'Work Items/J-7: Next action differs from source'
E     Use -v to get more diff
_ test_saved_plan_checker_rejects_real_cell_mutations[forge_scenario_pass-Evaluation Specs/EVAL-001: Execution differs from source] _
tests/test_current_plan_view.py:92: in test_saved_plan_checker_rejects_real_cell_mutations
    assert plan_view.check_view(saved_tables) == []
E   AssertionError: assert ['Work Items/... source', ...] == []
E
E     Left contains 40 more items, first extra item: 'Work Items/J-7: Next action differs from source'
E     Use -v to get more diff
_ test_saved_plan_checker_rejects_real_cell_mutations[forge_decision-Decisions/CHOICE-01: Current approval differs from source] _
tests/test_current_plan_view.py:92: in test_saved_plan_checker_rejects_real_cell_mutations
    assert plan_view.check_view(saved_tables) == []
E   AssertionError: assert ['Work Items/... source', ...] == []
E
E     Left contains 40 more items, first extra item: 'Work Items/J-7: Next action differs from source'
E     Use -v to get more diff
_ test_saved_plan_checker_rejects_real_cell_mutations[formula_error-Reconciliation: saved formula error #REF!] _
tests/test_current_plan_view.py:92: in test_saved_plan_checker_rejects_real_cell_mutations
    assert plan_view.check_view(saved_tables) == []
E   AssertionError: assert ['Work Items/... source', ...] == []
E
E     Left contains 40 more items, first extra item: 'Work Items/J-7: Next action differs from source'
E     Use -v to get more diff
_ test_saved_plan_checker_rejects_real_cell_mutations[missing_formula-Reconciliation!C4: formula or cached value differs] _
tests/test_current_plan_view.py:92: in test_saved_plan_checker_rejects_real_cell_mutations
    assert plan_view.check_view(saved_tables) == []
E   AssertionError: assert ['Work Items/... source', ...] == []
E
E     Left contains 40 more items, first extra item: 'Work Items/J-7: Next action differs from source'
E     Use -v to get more diff
_ test_saved_plan_checker_rejects_real_cell_mutations[wrong_formula_cache-Reconciliation!C4: formula or cached value differs] _
tests/test_current_plan_view.py:92: in test_saved_plan_checker_rejects_real_cell_mutations
    assert plan_view.check_view(saved_tables) == []
E   AssertionError: assert ['Work Items/... source', ...] == []
E
E     Left contains 40 more items, first extra item: 'Work Items/J-7: Next action differs from source'
E     Use -v to get more diff
_ test_saved_plan_checker_rejects_real_cell_mutations[forged_zero_reconciliation-Reconciliation/Items: Source count differs from source] _
tests/test_current_plan_view.py:92: in test_saved_plan_checker_rejects_real_cell_mutations
    assert plan_view.check_view(saved_tables) == []
E   AssertionError: assert ['Work Items/... source', ...] == []
E
E     Left contains 40 more items, first extra item: 'Work Items/J-7: Next action differs from source'
E     Use -v to get more diff
_ test_saved_plan_checker_rejects_real_cell_mutations[drop_control_row-Reconciliation: exact control-row population differs] _
tests/test_current_plan_view.py:92: in test_saved_plan_checker_rejects_real_cell_mutations
    assert plan_view.check_view(saved_tables) == []
E   AssertionError: assert ['Work Items/... source', ...] == []
E
E     Left contains 40 more items, first extra item: 'Work Items/J-7: Next action differs from source'
E     Use -v to get more diff
_ test_saved_plan_checker_rejects_real_cell_mutations[promote_captured_artifact-Sources: captured execution artifact must remain historical] _
tests/test_current_plan_view.py:92: in test_saved_plan_checker_rejects_real_cell_mutations
    assert plan_view.check_view(saved_tables) == []
E   AssertionError: assert ['Work Items/... source', ...] == []
E
E     Left contains 40 more items, first extra item: 'Work Items/J-7: Next action differs from source'
E     Use -v to get more diff
_____ test_final_review_obligations_have_exact_delivery_and_packet_owners ______
tests/test_prebuild_plan_links.py:16: in test_final_review_obligations_have_exact_delivery_and_packet_owners
    assert blueprint.check_all(modules, registry, contracts) == []
E   AssertionError: assert ['P06: missin...acts.py', ...] == []
E
E     Left contains 89 more items, first extra item: 'P06: missing existing boundary nm/obs'
E     Use -v to get more diff
=========================== short test summary info ============================
FAILED tests/test_brain_turn_execution_consumer.py::test_original_result_replays_after_later_source_bound_supersession
FAILED tests/test_brain_turn_execution_consumer.py::test_review_guard_refuses_owned_dispute_when_verifier_returns_without_its_status_sink
FAILED tests/test_brain_turn_execution_consumer.py::test_review_guard_keeps_real_checked_peer_and_footer_when_another_detail_is_unread
FAILED tests/test_current_plan_view.py::test_saved_current_plan_matches_authored_registry_and_snapshot_sources
FAILED tests/test_current_plan_view.py::test_saved_media_policy_is_part_of_the_checked_reader_view
FAILED tests/test_current_plan_view.py::test_saved_autonomy_contract_is_checked_without_promoting_runtime
FAILED tests/test_current_plan_view.py::test_saved_plan_checker_rejects_real_cell_mutations[drop_original_item-Work Items: exact ID population/order differs; missing=['BK-21']]
FAILED tests/test_current_plan_view.py::test_saved_plan_checker_rejects_real_cell_mutations[duplicate_item-Work Items: exact ID population/order differs]
FAILED tests/test_current_plan_view.py::test_saved_plan_checker_rejects_real_cell_mutations[change_status-Work Items/BK-31: Delivery status differs from source]
FAILED tests/test_current_plan_view.py::test_saved_plan_checker_rejects_real_cell_mutations[change_wave-Work Items/BK-21: Wave differs from source]
FAILED tests/test_current_plan_view.py::test_saved_plan_checker_rejects_real_cell_mutations[change_feature-Features/A1: Implementation differs from source]
FAILED tests/test_current_plan_view.py::test_saved_plan_checker_rejects_real_cell_mutations[change_step_basis-Journey Steps/STEP-A-01: Basis differs from source]
FAILED tests/test_current_plan_view.py::test_saved_plan_checker_rejects_real_cell_mutations[change_hash-Sources: stale or incorrect hash docs/backlog/status.yaml]
FAILED tests/test_current_plan_view.py::test_saved_plan_checker_rejects_real_cell_mutations[drop_source-Sources: exact authored snapshot-source population differs]
FAILED tests/test_current_plan_view.py::test_saved_plan_checker_rejects_real_cell_mutations[drop_acceptance-Acceptance: exact ID population/order differs]
FAILED tests/test_current_plan_view.py::test_saved_plan_checker_rejects_real_cell_mutations[change_instruction-Packet Guide: instruction population or content differs]
FAILED tests/test_current_plan_view.py::test_saved_plan_checker_rejects_real_cell_mutations[forge_scenario_pass-Evaluation Specs/EVAL-001: Execution differs from source]
FAILED tests/test_current_plan_view.py::test_saved_plan_checker_rejects_real_cell_mutations[forge_decision-Decisions/CHOICE-01: Current approval differs from source]
FAILED tests/test_current_plan_view.py::test_saved_plan_checker_rejects_real_cell_mutations[formula_error-Reconciliation: saved formula error #REF!]
FAILED tests/test_current_plan_view.py::test_saved_plan_checker_rejects_real_cell_mutations[missing_formula-Reconciliation!C4: formula or cached value differs]
FAILED tests/test_current_plan_view.py::test_saved_plan_checker_rejects_real_cell_mutations[wrong_formula_cache-Reconciliation!C4: formula or cached value differs]
FAILED tests/test_current_plan_view.py::test_saved_plan_checker_rejects_real_cell_mutations[forged_zero_reconciliation-Reconciliation/Items: Source count differs from source]
FAILED tests/test_current_plan_view.py::test_saved_plan_checker_rejects_real_cell_mutations[drop_control_row-Reconciliation: exact control-row population differs]
FAILED tests/test_current_plan_view.py::test_saved_plan_checker_rejects_real_cell_mutations[promote_captured_artifact-Sources: captured execution artifact must remain historical]
FAILED tests/test_prebuild_plan_links.py::test_final_review_obligations_have_exact_delivery_and_packet_owners
25 failed, 3181 passed, 4 xfailed in 296.56s (0:04:56)
