FFFFFFFFFFFFFFFFFFFFF..F.....F................                           [100%]
=================================== FAILURES ===================================
____ test_saved_current_plan_matches_authored_registry_and_snapshot_sources ____
tests/test_current_plan_view.py:42: in test_saved_current_plan_matches_authored_registry_and_snapshot_sources
    assert plan_view.check_view(saved_tables) == []
E   AssertionError: assert ['Work Items/... source', ...] == []
E
E     Left contains 40 more items, first extra item: 'Work Items/J-7: Next action differs from source'
E     Use -v to get more diff
__________ test_saved_media_policy_is_part_of_the_checked_reader_view __________
tests/test_current_plan_view.py:46: in test_saved_media_policy_is_part_of_the_checked_reader_view
    assert plan_view.check_view(saved_tables) == []
E   AssertionError: assert ['Work Items/... source', ...] == []
E
E     Left contains 40 more items, first extra item: 'Work Items/J-7: Next action differs from source'
E     Use -v to get more diff
______ test_saved_autonomy_contract_is_checked_without_promoting_runtime _______
tests/test_current_plan_view.py:58: in test_saved_autonomy_contract_is_checked_without_promoting_runtime
    assert plan_view.check_view(saved_tables) == []
E   AssertionError: assert ['Work Items/... source', ...] == []
E
E     Left contains 40 more items, first extra item: 'Work Items/J-7: Next action differs from source'
E     Use -v to get more diff
_ test_saved_plan_checker_rejects_real_cell_mutations[drop_original_item-Work Items: exact ID population/order differs; missing=['BK-21']] _
tests/test_current_plan_view.py:92: in test_saved_plan_checker_rejects_real_cell_mutations
    assert plan_view.check_view(saved_tables) == []
E   AssertionError: assert ['Work Items/... source', ...] == []
E
E     Left contains 40 more items, first extra item: 'Work Items/J-7: Next action differs from source'
E     Use -v to get more diff
_ test_saved_plan_checker_rejects_real_cell_mutations[duplicate_item-Work Items: exact ID population/order differs] _
tests/test_current_plan_view.py:92: in test_saved_plan_checker_rejects_real_cell_mutations
    assert plan_view.check_view(saved_tables) == []
E   AssertionError: assert ['Work Items/... source', ...] == []
E
E     Left contains 40 more items, first extra item: 'Work Items/J-7: Next action differs from source'
E     Use -v to get more diff
_ test_saved_plan_checker_rejects_real_cell_mutations[change_status-Work Items/BK-31: Delivery status differs from source] _
tests/test_current_plan_view.py:92: in test_saved_plan_checker_rejects_real_cell_mutations
    assert plan_view.check_view(saved_tables) == []
E   AssertionError: assert ['Work Items/... source', ...] == []
E
E     Left contains 40 more items, first extra item: 'Work Items/J-7: Next action differs from source'
E     Use -v to get more diff
_ test_saved_plan_checker_rejects_real_cell_mutations[change_wave-Work Items/BK-21: Wave differs from source] _
tests/test_current_plan_view.py:92: in test_saved_plan_checker_rejects_real_cell_mutations
    assert plan_view.check_view(saved_tables) == []
E   AssertionError: assert ['Work Items/... source', ...] == []
E
E     Left contains 40 more items, first extra item: 'Work Items/J-7: Next action differs from source'
E     Use -v to get more diff
_ test_saved_plan_checker_rejects_real_cell_mutations[change_feature-Features/A1: Implementation differs from source] _
tests/test_current_plan_view.py:92: in test_saved_plan_checker_rejects_real_cell_mutations
    assert plan_view.check_view(saved_tables) == []
E   AssertionError: assert ['Work Items/... source', ...] == []
E
E     Left contains 40 more items, first extra item: 'Work Items/J-7: Next action differs from source'
E     Use -v to get more diff
_ test_saved_plan_checker_rejects_real_cell_mutations[change_step_basis-Journey Steps/STEP-A-01: Basis differs from source] _
tests/test_current_plan_view.py:92: in test_saved_plan_checker_rejects_real_cell_mutations
    assert plan_view.check_view(saved_tables) == []
E   AssertionError: assert ['Work Items/... source', ...] == []
E
E     Left contains 40 more items, first extra item: 'Work Items/J-7: Next action differs from source'
E     Use -v to get more diff
_ test_saved_plan_checker_rejects_real_cell_mutations[change_hash-Sources: stale or incorrect hash docs/backlog/status.yaml] _
tests/test_current_plan_view.py:92: in test_saved_plan_checker_rejects_real_cell_mutations
    assert plan_view.check_view(saved_tables) == []
E   AssertionError: assert ['Work Items/... source', ...] == []
E
E     Left contains 40 more items, first extra item: 'Work Items/J-7: Next action differs from source'
E     Use -v to get more diff
_ test_saved_plan_checker_rejects_real_cell_mutations[drop_source-Sources: exact authored snapshot-source population differs] _
tests/test_current_plan_view.py:92: in test_saved_plan_checker_rejects_real_cell_mutations
    assert plan_view.check_view(saved_tables) == []
E   AssertionError: assert ['Work Items/... source', ...] == []
E
E     Left contains 40 more items, first extra item: 'Work Items/J-7: Next action differs from source'
E     Use -v to get more diff
_ test_saved_plan_checker_rejects_real_cell_mutations[drop_acceptance-Acceptance: exact ID population/order differs] _
tests/test_current_plan_view.py:92: in test_saved_plan_checker_rejects_real_cell_mutations
    assert plan_view.check_view(saved_tables) == []
E   AssertionError: assert ['Work Items/... source', ...] == []
E
E     Left contains 40 more items, first extra item: 'Work Items/J-7: Next action differs from source'
E     Use -v to get more diff
_ test_saved_plan_checker_rejects_real_cell_mutations[change_instruction-Packet Guide: instruction population or content differs] _
tests/test_current_plan_view.py:92: in test_saved_plan_checker_rejects_real_cell_mutations
    assert plan_view.check_view(saved_tables) == []
E   AssertionError: assert ['Work Items/... source', ...] == []
E
E     Left contains 40 more items, first extra item: 'Work Items/J-7: Next action differs from source'
E     Use -v to get more diff
_ test_saved_plan_checker_rejects_real_cell_mutations[forge_scenario_pass-Evaluation Specs/EVAL-001: Execution differs from source] _
tests/test_current_plan_view.py:92: in test_saved_plan_checker_rejects_real_cell_mutations
    assert plan_view.check_view(saved_tables) == []
E   AssertionError: assert ['Work Items/... source', ...] == []
E
E     Left contains 40 more items, first extra item: 'Work Items/J-7: Next action differs from source'
E     Use -v to get more diff
_ test_saved_plan_checker_rejects_real_cell_mutations[forge_decision-Decisions/CHOICE-01: Current approval differs from source] _
tests/test_current_plan_view.py:92: in test_saved_plan_checker_rejects_real_cell_mutations
    assert plan_view.check_view(saved_tables) == []
E   AssertionError: assert ['Work Items/... source', ...] == []
E
E     Left contains 40 more items, first extra item: 'Work Items/J-7: Next action differs from source'
E     Use -v to get more diff
_ test_saved_plan_checker_rejects_real_cell_mutations[formula_error-Reconciliation: saved formula error #REF!] _
tests/test_current_plan_view.py:92: in test_saved_plan_checker_rejects_real_cell_mutations
    assert plan_view.check_view(saved_tables) == []
E   AssertionError: assert ['Work Items/... source', ...] == []
E
E     Left contains 40 more items, first extra item: 'Work Items/J-7: Next action differs from source'
E     Use -v to get more diff
_ test_saved_plan_checker_rejects_real_cell_mutations[missing_formula-Reconciliation!C4: formula or cached value differs] _
tests/test_current_plan_view.py:92: in test_saved_plan_checker_rejects_real_cell_mutations
    assert plan_view.check_view(saved_tables) == []
E   AssertionError: assert ['Work Items/... source', ...] == []
E
E     Left contains 40 more items, first extra item: 'Work Items/J-7: Next action differs from source'
E     Use -v to get more diff
_ test_saved_plan_checker_rejects_real_cell_mutations[wrong_formula_cache-Reconciliation!C4: formula or cached value differs] _
tests/test_current_plan_view.py:92: in test_saved_plan_checker_rejects_real_cell_mutations
    assert plan_view.check_view(saved_tables) == []
E   AssertionError: assert ['Work Items/... source', ...] == []
E
E     Left contains 40 more items, first extra item: 'Work Items/J-7: Next action differs from source'
E     Use -v to get more diff
_ test_saved_plan_checker_rejects_real_cell_mutations[forged_zero_reconciliation-Reconciliation/Items: Source count differs from source] _
tests/test_current_plan_view.py:92: in test_saved_plan_checker_rejects_real_cell_mutations
    assert plan_view.check_view(saved_tables) == []
E   AssertionError: assert ['Work Items/... source', ...] == []
E
E     Left contains 40 more items, first extra item: 'Work Items/J-7: Next action differs from source'
E     Use -v to get more diff
_ test_saved_plan_checker_rejects_real_cell_mutations[drop_control_row-Reconciliation: exact control-row population differs] _
tests/test_current_plan_view.py:92: in test_saved_plan_checker_rejects_real_cell_mutations
    assert plan_view.check_view(saved_tables) == []
E   AssertionError: assert ['Work Items/... source', ...] == []
E
E     Left contains 40 more items, first extra item: 'Work Items/J-7: Next action differs from source'
E     Use -v to get more diff
_ test_saved_plan_checker_rejects_real_cell_mutations[promote_captured_artifact-Sources: captured execution artifact must remain historical] _
tests/test_current_plan_view.py:92: in test_saved_plan_checker_rejects_real_cell_mutations
    assert plan_view.check_view(saved_tables) == []
E   AssertionError: assert ['Work Items/... source', ...] == []
E
E     Left contains 40 more items, first extra item: 'Work Items/J-7: Next action differs from source'
E     Use -v to get more diff
_____ test_final_review_obligations_have_exact_delivery_and_packet_owners ______
tests/test_prebuild_plan_links.py:16: in test_final_review_obligations_have_exact_delivery_and_packet_owners
    assert blueprint.check_all(modules, registry, contracts) == []
E   AssertionError: assert ['P06: missin...acts.py', ...] == []
E
E     Left contains 89 more items, first extra item: 'P06: missing existing boundary nm/obs'
E     Use -v to get more diff
_________________ test_requirement_rows_reconcile_both_sheets __________________
tests/test_the_scenarios_come_from_the_plan.py:33: in test_requirement_rows_reconcile_both_sheets
    assert plan_scenarios.requirement_problems() == []
E   AssertionError: assert ['LB-183: col...e Build', ...] == []
E
E     Left contains 19 more items, first extra item: 'LB-183: column 33 differs from Before Build'
E     Use -v to get more diff
=========================== short test summary info ============================
FAILED tests/test_current_plan_view.py::test_saved_current_plan_matches_authored_registry_and_snapshot_sources
FAILED tests/test_current_plan_view.py::test_saved_media_policy_is_part_of_the_checked_reader_view
FAILED tests/test_current_plan_view.py::test_saved_autonomy_contract_is_checked_without_promoting_runtime
FAILED tests/test_current_plan_view.py::test_saved_plan_checker_rejects_real_cell_mutations[drop_original_item-Work Items: exact ID population/order differs; missing=['BK-21']]
FAILED tests/test_current_plan_view.py::test_saved_plan_checker_rejects_real_cell_mutations[duplicate_item-Work Items: exact ID population/order differs]
FAILED tests/test_current_plan_view.py::test_saved_plan_checker_rejects_real_cell_mutations[change_status-Work Items/BK-31: Delivery status differs from source]
FAILED tests/test_current_plan_view.py::test_saved_plan_checker_rejects_real_cell_mutations[change_wave-Work Items/BK-21: Wave differs from source]
FAILED tests/test_current_plan_view.py::test_saved_plan_checker_rejects_real_cell_mutations[change_feature-Features/A1: Implementation differs from source]
FAILED tests/test_current_plan_view.py::test_saved_plan_checker_rejects_real_cell_mutations[change_step_basis-Journey Steps/STEP-A-01: Basis differs from source]
FAILED tests/test_current_plan_view.py::test_saved_plan_checker_rejects_real_cell_mutations[change_hash-Sources: stale or incorrect hash docs/backlog/status.yaml]
FAILED tests/test_current_plan_view.py::test_saved_plan_checker_rejects_real_cell_mutations[drop_source-Sources: exact authored snapshot-source population differs]
FAILED tests/test_current_plan_view.py::test_saved_plan_checker_rejects_real_cell_mutations[drop_acceptance-Acceptance: exact ID population/order differs]
FAILED tests/test_current_plan_view.py::test_saved_plan_checker_rejects_real_cell_mutations[change_instruction-Packet Guide: instruction population or content differs]
FAILED tests/test_current_plan_view.py::test_saved_plan_checker_rejects_real_cell_mutations[forge_scenario_pass-Evaluation Specs/EVAL-001: Execution differs from source]
FAILED tests/test_current_plan_view.py::test_saved_plan_checker_rejects_real_cell_mutations[forge_decision-Decisions/CHOICE-01: Current approval differs from source]
FAILED tests/test_current_plan_view.py::test_saved_plan_checker_rejects_real_cell_mutations[formula_error-Reconciliation: saved formula error #REF!]
FAILED tests/test_current_plan_view.py::test_saved_plan_checker_rejects_real_cell_mutations[missing_formula-Reconciliation!C4: formula or cached value differs]
FAILED tests/test_current_plan_view.py::test_saved_plan_checker_rejects_real_cell_mutations[wrong_formula_cache-Reconciliation!C4: formula or cached value differs]
FAILED tests/test_current_plan_view.py::test_saved_plan_checker_rejects_real_cell_mutations[forged_zero_reconciliation-Reconciliation/Items: Source count differs from source]
FAILED tests/test_current_plan_view.py::test_saved_plan_checker_rejects_real_cell_mutations[drop_control_row-Reconciliation: exact control-row population differs]
FAILED tests/test_current_plan_view.py::test_saved_plan_checker_rejects_real_cell_mutations[promote_captured_artifact-Sources: captured execution artifact must remain historical]
FAILED tests/test_prebuild_plan_links.py::test_final_review_obligations_have_exact_delivery_and_packet_owners
FAILED tests/test_the_scenarios_come_from_the_plan.py::test_requirement_rows_reconcile_both_sheets
23 failed, 23 passed in 20.52s
