tests/test_brain_pressure_sources.py::test_paired_passage_source_classification_pressure[source-pressure-01-mixed-account-and-work]
tests/test_brain_pressure_sources.py::test_paired_passage_source_classification_pressure[source-pressure-02-tentative-account]
tests/test_brain_pressure_sources.py::test_paired_passage_source_classification_pressure[source-pressure-03-disputed-party-position]
tests/test_brain_pressure_sources.py::test_paired_passage_source_classification_pressure[source-pressure-04-unadopted-quoted-draft]
tests/test_brain_pressure_sources.py::test_paired_passage_source_classification_pressure[source-pressure-05-earlier-nm-is-context]
tests/test_brain_pressure_sources.py::test_paired_passage_source_classification_pressure[source-pressure-06-authorised-earlier-account-repair]
tests/test_brain_pressure_sources.py::test_paired_passage_source_classification_pressure[source-pressure-07-explicit-uncertain-purpose]
tests/test_brain_pressure_sources.py::test_paired_passage_source_classification_pressure[source-pressure-08-supported-long-reason]
tests/test_brain_pressure_sources.py::test_paired_passage_source_classification_pressure[source-pressure-09-reason-surrounding-whitespace]
tests/test_brain_pressure_sources.py::test_paired_passage_source_classification_pressure[source-pressure-10-missing-earlier-source-recovery]
tests/test_brain_pressure_sources.py::test_paired_passage_source_classification_pressure[source-pressure-11-foreign-nm-source-recovery]
tests/test_brain_pressure_sources.py::test_paired_passage_source_classification_pressure[source-pressure-12-duplicate-array-catalogue-recovery]
tests/test_brain_pressure_sources.py::test_paired_passage_source_classification_pressure[source-pressure-13-forged-provenance-fields-recovery]
tests/test_brain_pressure_sources.py::test_paired_passage_source_classification_pressure[source-pressure-14-whitespace-then-empty-reason-terminal]
tests/test_brain_pressure_sources.py::test_paired_passage_source_classification_pressure[source-pressure-15-repeat-omission-bounded]
tests/test_brain_pressure_sources.py::test_paired_passage_source_classification_pressure[source-pressure-16-semantic-mislabel-false-rejection]
tests/test_brain_pressure_sources.py::test_paired_passage_source_classification_pressure[source-pressure-17-semantic-mislabel-false-admission]
tests/test_brain_pressure_sources.py::test_paired_passage_source_classification_pressure[source-pressure-18-instruction-only-mixed-false-admission]
tests/test_brain_pressure_sources.py::test_paired_passage_source_classification_pressure[source-pressure-19-strict-adapter-hidden-missing-recovery]
tests/test_brain_pressure_sources.py::test_paired_passage_source_classification_pressure[source-pressure-20-strict-adapter-repeat-foreign-terminal]
tests/test_brain_pressure_extractor.py::test_pressure_extractor_mixed_correction_uncertainty_and_other_file
tests/test_brain_pressure_extractor.py::test_pressure_extractor_repeated_exact_owned_assignment_is_harmless
tests/test_brain_pressure_extractor.py::test_pressure_extractor_repeated_prior_source_is_losslessly_normalized
tests/test_brain_pressure_extractor.py::test_pressure_extractor_preserves_long_meaningful_output
tests/test_brain_pressure_extractor.py::test_pressure_extractor_precise_fault_then_valid_neighbour_recovers[extractor-05-empty-materiality-reason-<lambda>-materiality reason]
tests/test_brain_pressure_extractor.py::test_pressure_extractor_precise_fault_then_valid_neighbour_recovers[extractor-06-empty-statement-<lambda>-nonempty statement]
tests/test_brain_pressure_extractor.py::test_pressure_extractor_precise_fault_then_valid_neighbour_recovers[extractor-07-mixed-assignment-<lambda>-not mixed targets]
tests/test_brain_pressure_extractor.py::test_pressure_extractor_foreign_reference_or_redundant_assignment_never_admits[extractor-08-foreign-latest-source-<lambda>]
tests/test_brain_pressure_extractor.py::test_pressure_extractor_foreign_reference_or_redundant_assignment_never_admits[extractor-09-foreign-dispute-target-<lambda>]
tests/test_brain_pressure_extractor.py::test_pressure_extractor_foreign_reference_or_redundant_assignment_never_admits[extractor-10-foreign-prior-source-<lambda>]
tests/test_brain_pressure_extractor.py::test_pressure_extractor_foreign_reference_or_redundant_assignment_never_admits[extractor-11-injected-placement-field-<lambda>]
tests/test_brain_pressure_extractor.py::test_pressure_extractor_new_cannot_masquerade_as_change
tests/test_brain_pressure_extractor.py::test_pressure_extractor_owned_link_attaches_missing_original_words
tests/test_brain_pressure_extractor.py::test_pressure_extractor_false_fact_with_exact_quote_is_semantic_dependency
tests/test_brain_pressure_extractor.py::test_pressure_extractor_nonconforming_whole_repair_preserves_sound_peer_as_partial
tests/test_brain_pressure_extractor.py::test_pressure_extractor_repeat_bad_reason_stops_after_one_correction
tests/test_brain_pressure_extractor.py::test_pressure_extractor_empty_envelope_is_not_completeness_proof
tests/test_brain_pressure_extractor.py::test_pressure_extractor_correction_preserves_complete_input_and_provenance
tests/test_brain_pressure_extractor.py::test_pressure_extractor_strict_rejection_exposes_only_completed_quarantine_for_repair
tests/test_brain_pressure_extractor.py::test_pressure_extractor_strict_quarantine_retains_sound_peer_during_keyed_repair
tests/test_brain_pressure_verification.py::test_accurate_uncertain_attributed_complex_account_is_admitted
tests/test_brain_pressure_verification.py::test_empty_review_can_legitimately_be_complete_without_new_rows
tests/test_brain_pressure_verification.py::test_standalone_verifier_reports_owned_omission_for_turn_recovery
tests/test_brain_pressure_verification.py::test_valid_unlocalised_partial_scope_is_not_retried_as_metadata_error
tests/test_brain_pressure_verification.py::test_conflicting_complete_coverage_is_repaired_without_repeating_valid_candidate
tests/test_brain_pressure_verification.py::test_exact_duplicate_missing_ids_and_reason_whitespace_are_losslessly_normalised
tests/test_brain_pressure_verification.py::test_foreign_missing_source_cannot_enter_coverage_after_exhausted_correction
tests/test_brain_pressure_verification.py::test_other_candidates_owned_source_is_not_this_candidates_source
tests/test_brain_pressure_verification.py::test_missing_selected_source_check_requires_one_bounded_correction
tests/test_brain_pressure_verification.py::test_overall_accept_cannot_override_explicit_unsupported_account
tests/test_brain_pressure_verification.py::test_overall_accept_cannot_override_explicit_added_legal_analysis
tests/test_brain_pressure_verification.py::test_replacement_cannot_accept_different_target_identity
tests/test_brain_pressure_verification.py::test_missing_target_check_is_not_accepted_as_completed_replacement
tests/test_brain_pressure_verification.py::test_foreign_required_restoration_peer_cannot_be_used
tests/test_brain_pressure_verification.py::test_long_substantive_reason_is_not_rejected_for_arbitrary_width
tests/test_brain_pressure_verification.py::test_valid_peer_survives_schema_valid_malformed_sibling_exhaustion
tests/test_brain_pressure_verification.py::test_strict_adapter_quarantine_preserves_valid_first_attempt_sibling
tests/test_brain_pressure_verification.py::test_required_restoration_failure_withholds_retirement_but_preserves_independent_peer
tests/test_brain_pressure_verification.py::test_fabricated_wrong_date_is_rejected_when_semantic_judge_rejects_it
tests/test_brain_pressure_verification.py::test_wrong_date_is_not_admitted_even_if_semantic_judge_falsely_accepts
tests/test_brain_pressure_release.py::test_actual_correction_and_repeated_effect_references[exact_effect]
tests/test_brain_pressure_release.py::test_actual_correction_and_repeated_effect_references[repeated_effect]
tests/test_brain_pressure_release.py::test_wrong_target_cannot_certify_requested_date_even_with_accepting_judge
tests/test_brain_pressure_release.py::test_empty_extraction_cannot_support_dishonest_performed_claim
tests/test_brain_pressure_release.py::test_skipped_reader_cannot_release_or_save_completion
tests/test_brain_pressure_release.py::test_already_current_state_is_not_rejected_for_absence_of_new_operation
tests/test_brain_pressure_release.py::test_legitimate_no_change_review_completes_with_empty_proposals
tests/test_brain_pressure_release.py::test_truthful_partial_work_preserves_good_peer_and_unfinished_task
tests/test_brain_pressure_release.py::test_free_prose_effect_claim_is_prevented_even_with_wrong_accepting_review[wrong_accept_prevented]
tests/test_brain_pressure_release.py::test_free_prose_effect_claim_is_prevented_even_with_wrong_accepting_review[explicit_reject]
tests/test_brain_pressure_release.py::test_acceptance_metadata_shapes_preserve_valid_reply_after_bounded_repair[legacy_empty-1-release_10_legacy_empty_metadata]
tests/test_brain_pressure_release.py::test_acceptance_metadata_shapes_preserve_valid_reply_after_bounded_repair[split_empty_first-1-release_11_split_empty_metadata]
tests/test_brain_pressure_release.py::test_acceptance_metadata_shapes_preserve_valid_reply_after_bounded_repair[split_populated_first-2-release_12_split_populated_metadata]
tests/test_brain_pressure_release.py::test_acceptance_metadata_shapes_preserve_valid_reply_after_bounded_repair[split_empty_repeated-1-release_17_repeated_empty_metadata_gap]
tests/test_brain_pressure_release.py::test_failed_save_cannot_release_prepared_success
tests/test_brain_pressure_release.py::test_lost_acknowledgement_recovers_saved_reply_then_replays_without_model_calls
tests/test_brain_pressure_release.py::test_conflicting_turn_id_cannot_replay_or_replace_another_input
tests/test_brain_pressure_release.py::test_pure_acknowledgement_replaces_false_prose_with_checked_unresolved_result
tests/test_brain_pressure_release.py::test_stale_version_cannot_overwrite_newer_saved_effect
tests/test_brain_golden_boundaries.py::test_golden_owned_reference_boundary[foreign_record-SchemaViolation]
tests/test_brain_golden_boundaries.py::test_golden_owned_reference_boundary[foreign_legal_source-SchemaViolation]
tests/test_brain_golden_boundaries.py::test_golden_owned_reference_boundary[assessment_without_law-SchemaViolation]
tests/test_brain_golden_boundaries.py::test_golden_owned_reference_boundary[lost_legal_use_owner-IncompleteConversation]
tests/test_brain_golden_boundaries.py::test_golden_owned_reference_boundary[correct_attributed_neighbour-None]
tests/test_brain_golden_boundaries.py::test_golden_false_prose_vs_owned_pending_outcome[record_acknowledgement]
tests/test_brain_golden_boundaries.py::test_golden_false_prose_vs_owned_pending_outcome[substantive]
tests/test_brain_golden_boundaries.py::test_golden_code_acknowledgement_uses_actual_saved_effects
tests/test_brain_golden_boundaries.py::test_golden_current_or_no_change_does_not_require_a_new_write[already_current]
tests/test_brain_golden_boundaries.py::test_golden_current_or_no_change_does_not_require_a_new_write[review_no_change]
tests/test_brain_golden_boundaries.py::test_golden_acceptance_metadata_has_precise_false_positive_boundary[empty-1]
tests/test_brain_golden_boundaries.py::test_golden_acceptance_metadata_has_precise_false_positive_boundary[populated-2]
tests/test_brain_golden_boundaries.py::test_golden_performed_cannot_use_an_absent_effect
tests/test_brain_golden_boundaries.py::test_golden_another_owned_target_cannot_complete_the_selected_target
tests/test_brain_golden_boundaries.py::test_golden_failed_atomic_save_cannot_release_prepared_success
tests/test_brain_golden_boundaries.py::test_golden_actual_two_turn_date_correction[correct_owned_target]
tests/test_brain_golden_boundaries.py::test_golden_actual_two_turn_date_correction[wrong_owned_target]
tests/test_brain_golden_boundaries.py::test_golden_wholly_unread_required_reader_saves_no_new_turn
tests/test_brain_golden_boundaries.py::test_golden_lost_ack_replay_has_no_calls_or_duplicate_effects
tests/test_brain_golden_pressure.py::test_golden_composite_public_pressure[good-0]
tests/test_brain_golden_pressure.py::test_golden_composite_public_pressure[good-1]
tests/test_brain_golden_pressure.py::test_golden_composite_public_pressure[good-2]
tests/test_brain_golden_pressure.py::test_golden_composite_public_pressure[good-3]
tests/test_brain_golden_pressure.py::test_golden_composite_public_pressure[good-4]
tests/test_brain_golden_pressure.py::test_golden_composite_public_pressure[good-5]
tests/test_brain_golden_pressure.py::test_golden_composite_public_pressure[good-6]
tests/test_brain_golden_pressure.py::test_golden_composite_public_pressure[good-7]
tests/test_brain_golden_pressure.py::test_golden_composite_public_pressure[average_partial-0]
tests/test_brain_golden_pressure.py::test_golden_composite_public_pressure[average_partial-1]
tests/test_brain_golden_pressure.py::test_golden_composite_public_pressure[average_partial-2]
tests/test_brain_golden_pressure.py::test_golden_composite_public_pressure[average_partial-3]
tests/test_brain_golden_pressure.py::test_golden_composite_public_pressure[average_partial-4]
tests/test_brain_golden_pressure.py::test_golden_composite_public_pressure[average_partial-5]
tests/test_brain_golden_pressure.py::test_golden_composite_public_pressure[average_partial-6]
tests/test_brain_golden_pressure.py::test_golden_composite_public_pressure[average_partial-7]
tests/test_brain_golden_pressure.py::test_golden_composite_public_pressure[malformed_sibling-0]
tests/test_brain_golden_pressure.py::test_golden_composite_public_pressure[malformed_sibling-1]
tests/test_brain_golden_pressure.py::test_golden_composite_public_pressure[malformed_sibling-2]
tests/test_brain_golden_pressure.py::test_golden_composite_public_pressure[malformed_sibling-3]
tests/test_brain_golden_pressure.py::test_golden_composite_public_pressure[malformed_sibling-4]
tests/test_brain_golden_pressure.py::test_golden_composite_public_pressure[malformed_sibling-5]
tests/test_brain_golden_pressure.py::test_golden_composite_public_pressure[malformed_sibling-6]
tests/test_brain_golden_pressure.py::test_golden_composite_public_pressure[malformed_sibling-7]
tests/test_brain_golden_pressure.py::test_golden_composite_public_pressure[persistent_bad-0]
tests/test_brain_golden_pressure.py::test_golden_composite_public_pressure[persistent_bad-1]
tests/test_brain_golden_pressure.py::test_golden_composite_public_pressure[persistent_bad-2]
tests/test_brain_golden_pressure.py::test_golden_composite_public_pressure[persistent_bad-3]
tests/test_brain_golden_pressure.py::test_golden_composite_public_pressure[persistent_bad-4]
tests/test_brain_golden_pressure.py::test_golden_composite_public_pressure[persistent_bad-5]
tests/test_brain_golden_pressure.py::test_golden_composite_public_pressure[persistent_bad-6]
tests/test_brain_golden_pressure.py::test_golden_composite_public_pressure[persistent_bad-7]
tests/test_brain_golden_pressure.py::test_golden_composite_public_pressure[hallucinated-0]
tests/test_brain_golden_pressure.py::test_golden_composite_public_pressure[hallucinated-1]
tests/test_brain_golden_pressure.py::test_golden_composite_public_pressure[hallucinated-2]
tests/test_brain_golden_pressure.py::test_golden_composite_public_pressure[hallucinated-3]
tests/test_brain_golden_pressure.py::test_golden_composite_public_pressure[hallucinated-4]
tests/test_brain_golden_pressure.py::test_golden_composite_public_pressure[hallucinated-5]
tests/test_brain_golden_pressure.py::test_golden_composite_public_pressure[hallucinated-6]
tests/test_brain_golden_pressure.py::test_golden_composite_public_pressure[hallucinated-7]
tests/test_brain_golden_pressure.py::test_golden_composite_public_pressure[foreign_source-0]
tests/test_brain_golden_pressure.py::test_golden_composite_public_pressure[foreign_source-1]
tests/test_brain_golden_pressure.py::test_golden_composite_public_pressure[foreign_source-2]
tests/test_brain_golden_pressure.py::test_golden_composite_public_pressure[foreign_source-3]
tests/test_brain_golden_pressure.py::test_golden_composite_public_pressure[foreign_source-4]
tests/test_brain_golden_pressure.py::test_golden_composite_public_pressure[foreign_source-5]
tests/test_brain_golden_pressure.py::test_golden_composite_public_pressure[foreign_source-6]
tests/test_brain_golden_pressure.py::test_golden_composite_public_pressure[foreign_source-7]
tests/test_brain_golden_pressure.py::test_golden_composite_public_pressure[empty_extract-0]
tests/test_brain_golden_pressure.py::test_golden_composite_public_pressure[empty_extract-1]
tests/test_brain_golden_pressure.py::test_golden_composite_public_pressure[empty_extract-2]
tests/test_brain_golden_pressure.py::test_golden_composite_public_pressure[empty_extract-3]
tests/test_brain_golden_pressure.py::test_golden_composite_public_pressure[empty_extract-4]
tests/test_brain_golden_pressure.py::test_golden_composite_public_pressure[empty_extract-5]
tests/test_brain_golden_pressure.py::test_golden_composite_public_pressure[empty_extract-6]
tests/test_brain_golden_pressure.py::test_golden_composite_public_pressure[empty_extract-7]
tests/test_brain_golden_pressure.py::test_golden_composite_public_pressure[source_conflict-0]
tests/test_brain_golden_pressure.py::test_golden_composite_public_pressure[source_conflict-1]
tests/test_brain_golden_pressure.py::test_golden_composite_public_pressure[source_conflict-2]
tests/test_brain_golden_pressure.py::test_golden_composite_public_pressure[source_conflict-3]
tests/test_brain_golden_pressure.py::test_golden_composite_public_pressure[source_conflict-4]
tests/test_brain_golden_pressure.py::test_golden_composite_public_pressure[source_conflict-5]
tests/test_brain_golden_pressure.py::test_golden_composite_public_pressure[source_conflict-6]
tests/test_brain_golden_pressure.py::test_golden_composite_public_pressure[source_conflict-7]
tests/test_brain_golden_pressure.py::test_golden_thread_assignment_preserves_owned_issues_and_valid_neighbours[0]
tests/test_brain_golden_pressure.py::test_golden_thread_assignment_preserves_owned_issues_and_valid_neighbours[1]
tests/test_brain_golden_pressure.py::test_golden_thread_assignment_preserves_owned_issues_and_valid_neighbours[2]
tests/test_brain_golden_pressure.py::test_golden_thread_assignment_preserves_owned_issues_and_valid_neighbours[3]
tests/test_brain_golden_pressure.py::test_golden_thread_assignment_preserves_owned_issues_and_valid_neighbours[4]
tests/test_brain_golden_pressure.py::test_golden_thread_assignment_preserves_owned_issues_and_valid_neighbours[5]
tests/test_brain_golden_pressure.py::test_golden_thread_assignment_preserves_owned_issues_and_valid_neighbours[6]
tests/test_brain_golden_pressure.py::test_golden_thread_assignment_preserves_owned_issues_and_valid_neighbours[7]
tests/test_brain_mutation_release_neighbors.py::test_original_implicit_contribution_and_explicit_correction_both_remain_admissible[False]
tests/test_brain_mutation_release_neighbors.py::test_original_implicit_contribution_and_explicit_correction_both_remain_admissible[True]
tests/test_brain_mutation_release_neighbors.py::test_mixed_pending_correction_keeps_independent_account_and_question[completion]
tests/test_brain_mutation_release_neighbors.py::test_mixed_pending_correction_keeps_independent_account_and_question[question]
tests/test_brain_mutation_saved_replay.py::test_saved_mutation_binding_tamper_refuses_public_replay_without_model_or_write[missing_certificate]
tests/test_brain_mutation_saved_replay.py::test_saved_mutation_binding_tamper_refuses_public_replay_without_model_or_write[resealed_certificate_target]
tests/test_brain_mutation_saved_replay.py::test_saved_mutation_binding_tamper_refuses_public_replay_without_model_or_write[resealed_certificate_owner]
tests/test_brain_mutation_saved_replay.py::test_saved_mutation_binding_tamper_refuses_public_replay_without_model_or_write[resealed_certificate_version]
tests/test_brain_mutation_saved_replay.py::test_saved_mutation_binding_tamper_refuses_public_replay_without_model_or_write[certificate_seal]
tests/test_brain_mutation_saved_replay.py::test_saved_mutation_binding_tamper_refuses_public_replay_without_model_or_write[removed_ledger]
tests/test_brain_mutation_saved_replay.py::test_saved_mutation_binding_tamper_refuses_public_replay_without_model_or_write[rebuilt_permission_drift]
tests/test_brain_mutation_saved_replay.py::test_mislabeled_free_account_prose_is_prevented_with_wrong_accepting_review
tests/test_brain_mutation_saved_replay.py::test_original_saved_binding_replays_at_historical_snapshot_after_later_unchanged_turn
tests/test_brain_semantic_recovery.py::test_correct_account_has_no_conditional_recovery
tests/test_brain_semantic_recovery.py::test_localized_missing_account_gets_one_reader_and_owned_judge
tests/test_brain_semantic_recovery.py::test_nonlocalized_or_unassessed_coverage_does_not_guess_recovery[complete-ids0]
tests/test_brain_semantic_recovery.py::test_nonlocalized_or_unassessed_coverage_does_not_guess_recovery[partial-ids1]
tests/test_brain_semantic_recovery.py::test_nonlocalized_or_unassessed_coverage_does_not_guess_recovery[unassessed-ids2]
tests/test_brain_semantic_recovery.py::test_omission_judge_budget_retains_checked_peer_and_lists_unread
tests/test_brain_semantic_recovery.py::test_source_owner_reconsideration_is_candidate_free_and_bounded[False]
tests/test_brain_semantic_recovery.py::test_source_owner_reconsideration_is_candidate_free_and_bounded[True]
tests/test_brain_semantic_recovery.py::test_recovered_duplicate_does_not_duplicate_original_effect
tests/test_brain_semantic_recovery.py::test_recovery_addition_still_requires_independent_admission
tests/test_brain_semantic_recovery.py::test_recovery_judge_unavailable_retains_saved_checked_peer
tests/test_brain_semantic_recovery.py::test_partial_reader_retains_only_owned_checked_effects
tests/test_brain_semantic_recovery.py::test_zero_recovery_budget_keeps_checked_peer_without_dispatch
tests/test_brain_semantic_recovery.py::test_source_resolution_precedes_opening_repair
tests/test_brain_semantic_recovery.py::test_source_owner_uncertainty_never_promotes_rejected_proposal
tests/test_brain_semantic_recovery.py::test_source_recheck_budget_never_reuses_old_negative_decision_as_approval
tests/test_brain_semantic_recovery.py::test_dispute_omission_keeps_existing_material_id_and_rechecks_final_scope
tests/test_brain_semantic_recovery.py::test_partial_initial_reader_omission_aggregates_all_owned_effect_receipts
tests/test_brain_semantic_recovery.py::test_requested_review_discloses_unread_reader_beside_independently_checked_effect
tests/test_brain_semantic_recovery.py::test_legitimate_no_change_review_needs_no_omission_retry
tests/test_brain_semantic_recovery.py::test_source_reconsideration_cannot_downgrade_independence
tests/test_brain_semantic_recovery.py::test_source_rereview_replacement_holds_stale_assignment_and_keeps_checked_dispute
tests/test_brain_coverage_source_recovery_public.py::test_empty_extraction_recovers_account_after_coverage_origin_source_reconsideration
tests/test_brain_coverage_source_recovery_public.py::test_instruction_misclassified_as_account_is_reconsidered_without_record_effects
tests/test_brain_coverage_source_recovery_public.py::test_correct_initial_account_keeps_useful_work_without_conditional_calls
tests/test_brain_coverage_source_recovery_public.py::test_correct_initial_instruction_accepts_genuine_empty_extraction_without_retries
tests/test_brain_coverage_source_recovery_public.py::test_unchanged_source_reread_is_bounded_and_does_not_claim_missing_account_was_admitted
tests/test_brain_coverage_source_recovery_public.py::test_unchanged_account_owner_and_negative_original_review_remain_truthfully_partial
tests/test_brain_coverage_source_recovery_public.py::test_reverse_unchanged_source_conflict_preserves_independently_represented_peer
tests/test_brain_coverage_source_recovery_public.py::test_unchanged_negative_source_hold_allows_unrelated_missing_account_recovery
tests/test_brain_coverage_source_recovery_public.py::test_source_recovery_budget_exhaustion_preserves_independently_checked_peer
tests/test_brain_coverage_source_recovery_public.py::test_recovery_owner_accepts_both_directions_of_actual_coverage_conflict[False-True]
tests/test_brain_coverage_source_recovery_public.py::test_recovery_owner_accepts_both_directions_of_actual_coverage_conflict[True-False]
tests/test_brain_coverage_source_recovery_public.py::test_recovery_owner_rejects_forged_or_non_conflicting_coverage_diagnostic[agree_account]
tests/test_brain_coverage_source_recovery_public.py::test_recovery_owner_rejects_forged_or_non_conflicting_coverage_diagnostic[agree_non_account]
tests/test_brain_coverage_source_recovery_public.py::test_recovery_owner_rejects_forged_or_non_conflicting_coverage_diagnostic[unknown_source]
tests/test_brain_coverage_source_recovery_public.py::test_recovery_owner_rejects_forged_or_non_conflicting_coverage_diagnostic[changed_scope]
tests/test_brain_coverage_source_recovery_public.py::test_recovery_owner_rejects_forged_or_non_conflicting_coverage_diagnostic[unowned_assessment]
tests/test_brain_coverage_source_recovery_public.py::test_recovery_owner_rejects_forged_or_non_conflicting_coverage_diagnostic[changed_original_quote]
tests/test_brain_coverage_source_recovery_public.py::test_recovery_owner_rejects_forged_or_non_conflicting_coverage_diagnostic[changed_original_turn]
tests/test_brain_coverage_source_recovery_public.py::test_recovery_owner_rejects_forged_or_non_conflicting_coverage_diagnostic[changed_original_speaker]
tests/test_brain_coverage_source_recovery_public.py::test_recovery_owner_rejects_forged_or_non_conflicting_coverage_diagnostic[changed_portion_quote]
tests/test_brain_coverage_source_recovery_public.py::test_recovery_owner_rejects_forged_or_non_conflicting_coverage_diagnostic[changed_portion_hash]
tests/test_brain_coverage_source_recovery_public.py::test_recovery_owner_rejects_forged_or_non_conflicting_coverage_diagnostic[boolean_offset]
tests/test_brain_coverage_source_recovery_public.py::test_recovery_owner_rejects_forged_or_non_conflicting_coverage_diagnostic[integer_purpose]
tests/test_brain_coverage_source_recovery_public.py::test_recovery_owner_rejects_forged_or_non_conflicting_coverage_diagnostic[unresolved_purpose]
tests/test_brain_coverage_source_recovery_public.py::test_localized_omission_keeps_unresolved_recovery_and_excludes_negative_source_purpose[account-expected_ids0]
tests/test_brain_coverage_source_recovery_public.py::test_localized_omission_keeps_unresolved_recovery_and_excludes_negative_source_purpose[unresolved-expected_ids1]
tests/test_brain_coverage_source_recovery_public.py::test_localized_omission_keeps_unresolved_recovery_and_excludes_negative_source_purpose[non_account-expected_ids2]

232 tests collected in 1.34s
